--- TEST 1: PER_TAG & MULTIPLIER ---
P1 Total Score: 3
P1 Score Breakdown: { Deer: 3 }

--- TEST 2: MAJORITY ---
P1 Linden Score: 3
P2 Linden Score: undefined

--- TEST 3: TRIGGER ---
Trigger Result: { drawCount: 1, actions: [] }
[PASS] Triggered 1 draw

--- TEST 4: IMMEDIATE EFFECT ---
[PASS] No bat -> No extra turn
[PASS] Bat exists -> Extra turn
